// Jest Snapshot v1, https://goo.gl/fbAQLP

exports[`#fetchUsers should collect data 1`] = `
Object {
  "collectedEntities": Array [
    Object {
      "_class": Array [
        "User",
      ],
      "_key": "zoom_user:a18JbG_DQketjPo0Y8wYqg",
      "_rawData": Array [
        Object {
          "name": "default",
          "rawData": Object {
            "created_at": "2021-10-28T03:49:40Z",
            "dept": "Test",
            "email": "tj2488801@gmail.com",
            "first_name": "J1",
            "group_ids": Array [
              "ppUAdwEBRFCdRE0mfLttog",
            ],
            "id": "a18JbG_DQketjPo0Y8wYqg",
            "language": "en-US",
            "last_login_time": "2021-10-28T03:52:40Z",
            "last_name": "Test",
            "phone_number": "",
            "pic_url": "https://lh3.googleusercontent.com/a/AATXAJy4ZWS6WyBZvx4Ujm476PKw65aih3KL0KVnJBTS=s96-c",
            "pmi": 2434936199,
            "role_id": "2",
            "status": "active",
            "timezone": "",
            "type": 1,
            "verified": 1,
          },
        },
      ],
      "_type": "zoom_user",
      "active": true,
      "createdAt": "2021-10-28T03:49:40Z",
      "createdOn": undefined,
      "displayName": "J1 Test",
      "email": "tj2488801@gmail.com",
      "firstName": "J1",
      "id": "a18JbG_DQketjPo0Y8wYqg",
      "language": "en-US",
      "lastClientVersion": undefined,
      "lastLoginTime": "2021-10-28T03:52:40Z",
      "lastName": "Test",
      "name": "J1 Test",
      "phoneNumber": "",
      "picUrl": "https://lh3.googleusercontent.com/a/AATXAJy4ZWS6WyBZvx4Ujm476PKw65aih3KL0KVnJBTS=s96-c",
      "pmi": 2434936199,
      "roleId": "2",
      "status": "active",
      "timezone": "",
      "type": 1,
      "username": "tj2488801@gmail.com",
      "verified": 1,
    },
    Object {
      "_class": Array [
        "User",
      ],
      "_key": "zoom_user:H9Yx0-O8QUCXVIseYAsjaA",
      "_rawData": Array [
        Object {
          "name": "default",
          "rawData": Object {
            "created_at": "2021-10-27T00:00:49Z",
            "email": "development@jupiterone.dev",
            "first_name": "JupiterOne",
            "group_ids": Array [
              "ppUAdwEBRFCdRE0mfLttog",
            ],
            "id": "H9Yx0-O8QUCXVIseYAsjaA",
            "language": "",
            "last_login_time": "2021-10-29T04:50:20Z",
            "last_name": "Development",
            "phone_number": "",
            "pmi": 4440405982,
            "role_id": "0",
            "status": "active",
            "timezone": "America/New_York",
            "type": 2,
            "verified": 1,
          },
        },
      ],
      "_type": "zoom_user",
      "active": true,
      "createdAt": "2021-10-27T00:00:49Z",
      "createdOn": undefined,
      "displayName": "JupiterOne Development",
      "email": "development@jupiterone.dev",
      "firstName": "JupiterOne",
      "id": "H9Yx0-O8QUCXVIseYAsjaA",
      "language": "",
      "lastClientVersion": undefined,
      "lastLoginTime": "2021-10-29T04:50:20Z",
      "lastName": "Development",
      "name": "JupiterOne Development",
      "phoneNumber": "",
      "picUrl": undefined,
      "pmi": 4440405982,
      "roleId": "0",
      "status": "active",
      "timezone": "America/New_York",
      "type": 2,
      "username": "development@jupiterone.dev",
      "verified": 1,
    },
  ],
  "encounteredTypes": Array [
    "zoom_user",
  ],
  "numCollectedEntities": 2,
}
`;
