// Jest Snapshot v1, https://goo.gl/fbAQLP

exports[`#fetchUsers should collect data 1`] = `
Object {
  "collectedEntities": Array [
    Object {
      "_class": Array [
        "User",
      ],
      "_key": "zoom_user:a18JbG_DQketjPo0Y8wYqg",
      "_rawData": Array [
        Object {
          "name": "default",
          "rawData": Object {
            "created_at": "2021-10-24T06:16:56Z",
            "email": "tj2488801@gmail.com",
            "first_name": "J1",
            "id": "a18JbG_DQketjPo0Y8wYqg",
            "language": "en-US",
            "last_login_time": "2021-10-24T06:16:56Z",
            "last_name": "Test",
            "phone_number": "",
            "pic_url": "https://lh3.googleusercontent.com/a/AATXAJy4ZWS6WyBZvx4Ujm476PKw65aih3KL0KVnJBTS=s96-c",
            "pmi": 0,
            "role_id": "0",
            "status": "active",
            "type": 1,
            "verified": 0,
          },
        },
      ],
      "_type": "zoom_user",
      "active": true,
      "createdAt": "2021-10-24T06:16:56Z",
      "createdOn": undefined,
      "displayName": "J1 Test",
      "email": "tj2488801@gmail.com",
      "firstName": "J1",
      "id": "a18JbG_DQketjPo0Y8wYqg",
      "language": "en-US",
      "lastClientVersion": undefined,
      "lastLoginTime": "2021-10-24T06:16:56Z",
      "lastName": "Test",
      "name": "J1 Test",
      "phoneNumber": "",
      "picUrl": "https://lh3.googleusercontent.com/a/AATXAJy4ZWS6WyBZvx4Ujm476PKw65aih3KL0KVnJBTS=s96-c",
      "pmi": 0,
      "roleId": "0",
      "status": "active",
      "timezone": undefined,
      "type": 1,
      "username": "tj2488801@gmail.com",
      "verified": 0,
    },
  ],
  "encounteredTypes": Array [
    "zoom_user",
  ],
  "numCollectedEntities": 1,
}
`;
